./plugins/html-minifier/generated/plugins/other-plugin/generated/input.html
